
> uniformsource-shop@0.1.0 build
> next build

node.exe : ΓÜá Warning: Next.js inferred your workspace root, but it may not be correct.
At line:1 char:1
+ & "C:\nvm4w\nodejs/node.exe" "C:\nvm4w\nodejs/node_modules/npm/bin/np ...
+ ~~~~~~~~~~~~~~~~~~~~~~~~~~~~~~~~~~~~~~~~~~~~~~~~~~~~~~~~~~~~~~~~~~~~~
    + CategoryInfo          : NotSpecified: (ΓÜá Warning: Ne...not be correct.:String) [], RemoteExcep 
   tion
    + FullyQualifiedErrorId : NativeCommandError
 
 We detected multiple lockfiles and selected the directory of C:\Users\RAJ\package-lock.json as the 
root directory.
 To silence this warning, set `turbopack.root` in your Next.js config, or consider removing one of the 
lockfiles if it's not needed.
   See https://nextjs.org/docs/app/api-reference/config/next-config-js/turbopack#root-directory for 
more information.
 Detected additional lockfiles: 
   * C:\Users\RAJ\Dev\uniformsource-shop\package-lock.json

Γû▓ Next.js 16.1.6 (Turbopack)
- Environments: .env.local

  Creating an optimized production build ...

> Build error occurred
Error: Turbopack build failed with 1 errors:
./Dev/uniformsource-shop/src/app/admin/[id]/page.tsx:27:8
Next.js can't recognize the exported `generateStaticParams` field in route. App pages cannot use both 
"use client" and export function "generateStaticParams()".
[0m [90m 25 |[39m
 [90m 26 |[39m [90m// Required for static export build[39m
[31m[1m>[22m[39m[90m 27 |[39m [36mexport[39m [36mfunction[39m generateStaticParams() {
 [90m    |[39m        [31m[1m^[22m[39m[31m[1m^[22m[39m[31m[1m^[22m[39m[31m[1m^[22m[39
m[31m[1m^[22m[39m[31m[1m^[22m[39m[31m[1m^[22m[39m[31m[1m^[22m[39m[31m[1m^[22m[39m[
31m[1m^[22m[39m[31m[1m^[22m[39m[31m[1m^[22m[39m[31m[1m^[22m[39m[31m[1m^[22m[39m[31m
[1m^[22m[39m[31m[1m^[22m[39m[31m[1m^[22m[39m[31m[1m^[22m[39m[31m[1m^[22m[39m[31m[1
m^[22m[39m[31m[1m^[22m[39m[31m[1m^[22m[39m[31m[1m^[22m[39m[31m[1m^[22m[39m[31m[1m^
[22m[39m[31m[1m^[22m[39m[31m[1m^[22m[39m[31m[1m^[22m[39m[31m[1m^[22m[39m[31m[1m^[22
m[39m[31m[1m^[22m[39m[31m[1m^[22m[39m[31m[1m^[22m[39m
[31m[1m>[22m[39m[90m 28 |[39m     [36mreturn[39m [][33m;[39m
 [90m    |[39m [31m[1m^[22m[39m[31m[1m^[22m[39m[31m[1m^[22m[39m[31m[1m^[22m[39m[31m
[1m^[22m[39m[31m[1m^[22m[39m[31m[1m^[22m[39m[31m[1m^[22m[39m[31m[1m^[22m[39m[31m[1m
^[22m[39m[31m[1m^[22m[39m[31m[1m^[22m[39m[31m[1m^[22m[39m[31m[1m^[22m[39m
[31m[1m>[22m[39m[90m 29 |[39m }
 [90m    |[39m [31m[1m^[22m[39m[31m[1m^[22m[39m
 [90m 30 |[39m
 [90m 31 |[39m [36mfunction[39m [33mInfoRow[39m({ icon[33m:[39m [33mIcon[39m[33m,[39m 
label[33m,[39m value }[33m:[39m { icon[33m:[39m any[33m;[39m label[33m:[39m 
string[33m;[39m value[33m?[39m[33m:[39m string }) {
 [90m 32 |[39m     [36mreturn[39m ([0m

The exported configuration object in a source file needs to have a very specific format from which 
some properties can be statically parsed at compiled-time.

Import traces:
  Client Component Browser:
    ./Dev/uniformsource-shop/src/app/admin/[id]/page.tsx [Client Component Browser]
    ./Dev/uniformsource-shop/src/app/admin/[id]/page.tsx [Server Component]

  Client Component SSR:
    ./Dev/uniformsource-shop/src/app/admin/[id]/page.tsx [Client Component SSR]
    ./Dev/uniformsource-shop/src/app/admin/[id]/page.tsx [Server Component]

https://nextjs.org/docs/app/api-reference/file-conventions/route-segment-config


    at <unknown> (./Dev/uniformsource-shop/src/app/admin/[id]/page.tsx:27:8)
    at <unknown> (https://nextjs.org/docs/app/api-reference/file-conventions/route-segment-config)
